14-Sep-2026 10:00:28.966 INFO [main] org.apache.catalina.startup.VersionLoggerListener.log Server version name:   Apache Tomcat/11.0.25
14-Sep-2026 10:00:28.969 INFO [main] org.apache.catalina.startup.VersionLoggerListener.log Server built:          Aug 12 2026 12:46:04 UTC
14-Sep-2026 10:00:28.969 INFO [main] org.apache.catalina.startup.VersionLoggerListener.log Server version number: 11.0.25.0
14-Sep-2026 10:00:28.969 INFO [main] org.apache.catalina.startup.VersionLoggerListener.log OS Name:               Windows 11
14-Sep-2026 10:00:28.970 INFO [main] org.apache.catalina.startup.VersionLoggerListener.log OS Version:            10.0
14-Sep-2026 10:00:28.970 INFO [main] org.apache.catalina.startup.VersionLoggerListener.log Architecture:          amd64
14-Sep-2026 10:00:28.970 INFO [main] org.apache.catalina.startup.VersionLoggerListener.log Java Home:             D:\jdk
14-Sep-2026 10:00:28.970 INFO [main] org.apache.catalina.startup.VersionLoggerListener.log JVM Version:           26.0.2+10-55
14-Sep-2026 10:00:28.970 INFO [main] org.apache.catalina.startup.VersionLoggerListener.log JVM Vendor:            Oracle Corporation
14-Sep-2026 10:00:28.970 INFO [main] org.apache.catalina.startup.VersionLoggerListener.log CATALINA_BASE:         D:\apache-tomcat-11.0.25\apache-tomcat-11.0.25
14-Sep-2026 10:00:28.971 INFO [main] org.apache.catalina.startup.VersionLoggerListener.log CATALINA_HOME:         D:\apache-tomcat-11.0.25\apache-tomcat-11.0.25
14-Sep-2026 10:00:29.039 INFO [main] org.apache.catalina.startup.VersionLoggerListener.log Command line argument: -Djava.util.logging.config.file=D:\apache-tomcat-11.0.25\apache-tomcat-11.0.25\conf\logging.properties
14-Sep-2026 10:00:29.039 INFO [main] org.apache.catalina.startup.VersionLoggerListener.log Command line argument: -Djava.util.logging.manager=org.apache.juli.ClassLoaderLogManager
14-Sep-2026 10:00:29.039 INFO [main] org.apache.catalina.startup.VersionLoggerListener.log Command line argument: -Djdk.tls.ephemeralDHKeySize=2048
14-Sep-2026 10:00:29.039 INFO [main] org.apache.catalina.startup.VersionLoggerListener.log Command line argument: --add-opens=java.base/java.lang=ALL-UNNAMED
14-Sep-2026 10:00:29.040 INFO [main] org.apache.catalina.startup.VersionLoggerListener.log Command line argument: --add-opens=java.base/java.lang.reflect=ALL-UNNAMED
14-Sep-2026 10:00:29.040 INFO [main] org.apache.catalina.startup.VersionLoggerListener.log Command line argument: --add-opens=java.base/java.io=ALL-UNNAMED
14-Sep-2026 10:00:29.040 INFO [main] org.apache.catalina.startup.VersionLoggerListener.log Command line argument: --add-opens=java.base/java.util=ALL-UNNAMED
14-Sep-2026 10:00:29.040 INFO [main] org.apache.catalina.startup.VersionLoggerListener.log Command line argument: --add-opens=java.base/java.util.concurrent=ALL-UNNAMED
14-Sep-2026 10:00:29.040 INFO [main] org.apache.catalina.startup.VersionLoggerListener.log Command line argument: --add-opens=java.rmi/sun.rmi.transport=ALL-UNNAMED
14-Sep-2026 10:00:29.041 INFO [main] org.apache.catalina.startup.VersionLoggerListener.log Command line argument: --enable-native-access=ALL-UNNAMED
14-Sep-2026 10:00:29.041 INFO [main] org.apache.catalina.startup.VersionLoggerListener.log Command line argument: -Dcatalina.base=D:\apache-tomcat-11.0.25\apache-tomcat-11.0.25
14-Sep-2026 10:00:29.041 INFO [main] org.apache.catalina.startup.VersionLoggerListener.log Command line argument: -Dcatalina.home=D:\apache-tomcat-11.0.25\apache-tomcat-11.0.25
14-Sep-2026 10:00:29.041 INFO [main] org.apache.catalina.startup.VersionLoggerListener.log Command line argument: -Djava.io.tmpdir=D:\apache-tomcat-11.0.25\apache-tomcat-11.0.25\temp
14-Sep-2026 10:00:29.049 INFO [main] org.apache.catalina.core.AprLifecycleListener.lifecycleEvent The Apache Tomcat Native library which allows using OpenSSL was not found on the java.library.path: [D:\jdk\bin;C:\WINDOWS\Sun\Java\bin;C:\WINDOWS\system32;C:\WINDOWS;D:\jdk\bin;C:\Program Files (x86)\VMware\VMware Workstation\bin\;C:\Windows\system32;C:\Windows;C:\Windows\System32\Wbem;C:\Windows\System32\WindowsPowerShell\v1.0\;C:\Windows\System32\OpenSSH\;C:\Program Files (x86)\NVIDIA Corporation\PhysX\Common;C:\Program Files\dotnet\;C:\WINDOWS\system32;C:\WINDOWS;C:\WINDOWS\System32\Wbem;C:\WINDOWS\System32\WindowsPowerShell\v1.0\;C:\WINDOWS\System32\OpenSSH\;C:\Program Files\NVIDIA Corporation\NVIDIA App\NvDLISR;D:\;C:\Users\ASUS\AppData\Local\Microsoft\WindowsApps;C:\Users\ASUS\AppData\Local\Programs\Microsoft VS Code\bin;C:\ProgramData\ASUS\GitHubDesktop\bin;C:\Users\ASUS\AppData\Local\GitHubDesktop\bin;C:\Users\ASUS\AppData\Local\Programs\Antigravity\bin;C:\Users\ASUS\AppData\Roaming\npm;C:\Program;C:\Program Files\Git\cmd;C:\Program Files\MySQL\MySQL Shell 8.0\bin\;C:\Users\ASUS\AppData\Local\Microsoft\WindowsApps;C:\Users\ASUS\AppData\Local\Programs\Microsoft VS Code\bin;C:\ProgramData\ASUS\GitHubDesktop\bin;C:\Users\ASUS\AppData\Local\GitHubDesktop\bin;C:\Users\ASUS\AppData\Local\Programs\Antigravity\bin;C:\Users\ASUS\AppData\Roaming\npm;.]
14-Sep-2026 10:00:29.425 INFO [main] org.apache.coyote.AbstractProtocol.init Initializing ProtocolHandler ["http-nio-8080"]
14-Sep-2026 10:00:29.479 INFO [main] org.apache.catalina.startup.Catalina.load Server initialization in [777] milliseconds
14-Sep-2026 10:00:29.541 INFO [main] org.apache.catalina.core.StandardService.startInternal Starting service [Catalina]
14-Sep-2026 10:00:29.542 INFO [main] org.apache.catalina.core.StandardEngine.startInternal Starting Servlet engine: [Apache Tomcat/11.0.25]
14-Sep-2026 10:00:29.556 INFO [main] org.apache.catalina.startup.HostConfig.deployDirectory Deploying web application directory [D:\apache-tomcat-11.0.25\apache-tomcat-11.0.25\webapps\docs]
14-Sep-2026 10:00:29.960 INFO [main] org.apache.catalina.startup.HostConfig.deployDirectory Deployment of web application directory [D:\apache-tomcat-11.0.25\apache-tomcat-11.0.25\webapps\docs] has finished in [399] ms
14-Sep-2026 10:00:29.961 INFO [main] org.apache.catalina.startup.HostConfig.deployDirectory Deploying web application directory [D:\apache-tomcat-11.0.25\apache-tomcat-11.0.25\webapps\examples]
14-Sep-2026 10:00:30.333 INFO [main] org.apache.catalina.startup.HostConfig.deployDirectory Deployment of web application directory [D:\apache-tomcat-11.0.25\apache-tomcat-11.0.25\webapps\examples] has finished in [372] ms
14-Sep-2026 10:00:30.334 INFO [main] org.apache.catalina.startup.HostConfig.deployDirectory Deploying web application directory [D:\apache-tomcat-11.0.25\apache-tomcat-11.0.25\webapps\host-manager]
14-Sep-2026 10:00:30.373 INFO [main] org.apache.catalina.startup.HostConfig.deployDirectory Deployment of web application directory [D:\apache-tomcat-11.0.25\apache-tomcat-11.0.25\webapps\host-manager] has finished in [39] ms
14-Sep-2026 10:00:30.374 INFO [main] org.apache.catalina.startup.HostConfig.deployDirectory Deploying web application directory [D:\apache-tomcat-11.0.25\apache-tomcat-11.0.25\webapps\manager]
14-Sep-2026 10:00:30.403 INFO [main] org.apache.catalina.startup.HostConfig.deployDirectory Deployment of web application directory [D:\apache-tomcat-11.0.25\apache-tomcat-11.0.25\webapps\manager] has finished in [29] ms
14-Sep-2026 10:00:30.403 INFO [main] org.apache.catalina.startup.HostConfig.deployDirectory Deploying web application directory [D:\apache-tomcat-11.0.25\apache-tomcat-11.0.25\webapps\ROOT]
14-Sep-2026 10:00:30.434 INFO [main] org.apache.catalina.startup.HostConfig.deployDirectory Deployment of web application directory [D:\apache-tomcat-11.0.25\apache-tomcat-11.0.25\webapps\ROOT] has finished in [31] ms
14-Sep-2026 10:00:30.439 INFO [main] org.apache.coyote.AbstractProtocol.start Starting ProtocolHandler ["http-nio-8080"]
14-Sep-2026 10:00:30.489 INFO [main] org.apache.catalina.startup.Catalina.start Server startup in [1008] milliseconds
14-Sep-2026 10:06:00.531 INFO [Catalina-utility-2] org.apache.catalina.startup.HostConfig.deployDirectory Deploying web application directory [D:\apache-tomcat-11.0.25\apache-tomcat-11.0.25\webapps\New folder]
14-Sep-2026 10:06:00.547 INFO [Catalina-utility-2] org.apache.catalina.startup.HostConfig.deployDirectory Deployment of web application directory [D:\apache-tomcat-11.0.25\apache-tomcat-11.0.25\webapps\New folder] has finished in [16] ms
14-Sep-2026 10:06:11.074 INFO [Catalina-utility-1] org.apache.catalina.startup.HostConfig.undeploy Undeploying context [/New folder]
14-Sep-2026 10:06:11.087 INFO [Catalina-utility-1] org.apache.catalina.startup.HostConfig.deployDirectory Deploying web application directory [D:\apache-tomcat-11.0.25\apache-tomcat-11.0.25\webapps\Mywebapp]
14-Sep-2026 10:06:11.100 INFO [Catalina-utility-1] org.apache.catalina.startup.HostConfig.deployDirectory Deployment of web application directory [D:\apache-tomcat-11.0.25\apache-tomcat-11.0.25\webapps\Mywebapp] has finished in [13] ms
14-Sep-2026 10:13:35.419 INFO [main] org.apache.catalina.startup.VersionLoggerListener.log Server version name:   Apache Tomcat/11.0.25
14-Sep-2026 10:13:35.423 INFO [main] org.apache.catalina.startup.VersionLoggerListener.log Server built:          Aug 12 2026 12:46:04 UTC
14-Sep-2026 10:13:35.424 INFO [main] org.apache.catalina.startup.VersionLoggerListener.log Server version number: 11.0.25.0
14-Sep-2026 10:13:35.424 INFO [main] org.apache.catalina.startup.VersionLoggerListener.log OS Name:               Windows 11
14-Sep-2026 10:13:35.424 INFO [main] org.apache.catalina.startup.VersionLoggerListener.log OS Version:            10.0
14-Sep-2026 10:13:35.424 INFO [main] org.apache.catalina.startup.VersionLoggerListener.log Architecture:          amd64
14-Sep-2026 10:13:35.424 INFO [main] org.apache.catalina.startup.VersionLoggerListener.log Java Home:             D:\jdk
14-Sep-2026 10:13:35.424 INFO [main] org.apache.catalina.startup.VersionLoggerListener.log JVM Version:           26.0.2+10-55
14-Sep-2026 10:13:35.424 INFO [main] org.apache.catalina.startup.VersionLoggerListener.log JVM Vendor:            Oracle Corporation
14-Sep-2026 10:13:35.425 INFO [main] org.apache.catalina.startup.VersionLoggerListener.log CATALINA_BASE:         D:\apache-tomcat-11.0.25\apache-tomcat-11.0.25
14-Sep-2026 10:13:35.425 INFO [main] org.apache.catalina.startup.VersionLoggerListener.log CATALINA_HOME:         D:\apache-tomcat-11.0.25\apache-tomcat-11.0.25
14-Sep-2026 10:13:35.440 INFO [main] org.apache.catalina.startup.VersionLoggerListener.log Command line argument: -Djava.util.logging.config.file=D:\apache-tomcat-11.0.25\apache-tomcat-11.0.25\conf\logging.properties
14-Sep-2026 10:13:35.440 INFO [main] org.apache.catalina.startup.VersionLoggerListener.log Command line argument: -Djava.util.logging.manager=org.apache.juli.ClassLoaderLogManager
14-Sep-2026 10:13:35.440 INFO [main] org.apache.catalina.startup.VersionLoggerListener.log Command line argument: -Djdk.tls.ephemeralDHKeySize=2048
14-Sep-2026 10:13:35.440 INFO [main] org.apache.catalina.startup.VersionLoggerListener.log Command line argument: --add-opens=java.base/java.lang=ALL-UNNAMED
14-Sep-2026 10:13:35.440 INFO [main] org.apache.catalina.startup.VersionLoggerListener.log Command line argument: --add-opens=java.base/java.lang.reflect=ALL-UNNAMED
14-Sep-2026 10:13:35.440 INFO [main] org.apache.catalina.startup.VersionLoggerListener.log Command line argument: --add-opens=java.base/java.io=ALL-UNNAMED
14-Sep-2026 10:13:35.441 INFO [main] org.apache.catalina.startup.VersionLoggerListener.log Command line argument: --add-opens=java.base/java.util=ALL-UNNAMED
14-Sep-2026 10:13:35.441 INFO [main] org.apache.catalina.startup.VersionLoggerListener.log Command line argument: --add-opens=java.base/java.util.concurrent=ALL-UNNAMED
14-Sep-2026 10:13:35.441 INFO [main] org.apache.catalina.startup.VersionLoggerListener.log Command line argument: --add-opens=java.rmi/sun.rmi.transport=ALL-UNNAMED
14-Sep-2026 10:13:35.441 INFO [main] org.apache.catalina.startup.VersionLoggerListener.log Command line argument: --enable-native-access=ALL-UNNAMED
14-Sep-2026 10:13:35.441 INFO [main] org.apache.catalina.startup.VersionLoggerListener.log Command line argument: -Dcatalina.base=D:\apache-tomcat-11.0.25\apache-tomcat-11.0.25
14-Sep-2026 10:13:35.442 INFO [main] org.apache.catalina.startup.VersionLoggerListener.log Command line argument: -Dcatalina.home=D:\apache-tomcat-11.0.25\apache-tomcat-11.0.25
14-Sep-2026 10:13:35.442 INFO [main] org.apache.catalina.startup.VersionLoggerListener.log Command line argument: -Djava.io.tmpdir=D:\apache-tomcat-11.0.25\apache-tomcat-11.0.25\temp
14-Sep-2026 10:13:35.453 INFO [main] org.apache.catalina.core.AprLifecycleListener.lifecycleEvent The Apache Tomcat Native library which allows using OpenSSL was not found on the java.library.path: [D:\jdk\bin;C:\WINDOWS\Sun\Java\bin;C:\WINDOWS\system32;C:\WINDOWS;D:\jdk\bin;C:\Program Files (x86)\VMware\VMware Workstation\bin\;C:\Windows\system32;C:\Windows;C:\Windows\System32\Wbem;C:\Windows\System32\WindowsPowerShell\v1.0\;C:\Windows\System32\OpenSSH\;C:\Program Files (x86)\NVIDIA Corporation\PhysX\Common;C:\Program Files\dotnet\;C:\WINDOWS\system32;C:\WINDOWS;C:\WINDOWS\System32\Wbem;C:\WINDOWS\System32\WindowsPowerShell\v1.0\;C:\WINDOWS\System32\OpenSSH\;C:\Program Files\NVIDIA Corporation\NVIDIA App\NvDLISR;D:\;C:\Users\ASUS\AppData\Local\Microsoft\WindowsApps;C:\Users\ASUS\AppData\Local\Programs\Microsoft VS Code\bin;C:\ProgramData\ASUS\GitHubDesktop\bin;C:\Users\ASUS\AppData\Local\GitHubDesktop\bin;C:\Users\ASUS\AppData\Local\Programs\Antigravity\bin;C:\Users\ASUS\AppData\Roaming\npm;C:\Program;C:\Program Files\Git\cmd;C:\Program Files\MySQL\MySQL Shell 8.0\bin\;C:\Users\ASUS\AppData\Local\Microsoft\WindowsApps;C:\Users\ASUS\AppData\Local\Programs\Microsoft VS Code\bin;C:\ProgramData\ASUS\GitHubDesktop\bin;C:\Users\ASUS\AppData\Local\GitHubDesktop\bin;C:\Users\ASUS\AppData\Local\Programs\Antigravity\bin;C:\Users\ASUS\AppData\Roaming\npm;.]
14-Sep-2026 10:13:35.780 INFO [main] org.apache.coyote.AbstractProtocol.init Initializing ProtocolHandler ["http-nio-8080"]
14-Sep-2026 10:13:35.803 INFO [main] org.apache.catalina.startup.Catalina.load Server initialization in [584] milliseconds
14-Sep-2026 10:13:35.853 INFO [main] org.apache.catalina.core.StandardService.startInternal Starting service [Catalina]
14-Sep-2026 10:13:35.854 INFO [main] org.apache.catalina.core.StandardEngine.startInternal Starting Servlet engine: [Apache Tomcat/11.0.25]
14-Sep-2026 10:13:35.868 INFO [main] org.apache.catalina.startup.HostConfig.deployDirectory Deploying web application directory [D:\apache-tomcat-11.0.25\apache-tomcat-11.0.25\webapps\docs]
14-Sep-2026 10:13:36.190 INFO [main] org.apache.catalina.startup.HostConfig.deployDirectory Deployment of web application directory [D:\apache-tomcat-11.0.25\apache-tomcat-11.0.25\webapps\docs] has finished in [319] ms
14-Sep-2026 10:13:36.192 INFO [main] org.apache.catalina.startup.HostConfig.deployDirectory Deploying web application directory [D:\apache-tomcat-11.0.25\apache-tomcat-11.0.25\webapps\examples]
14-Sep-2026 10:13:36.498 INFO [main] org.apache.catalina.startup.HostConfig.deployDirectory Deployment of web application directory [D:\apache-tomcat-11.0.25\apache-tomcat-11.0.25\webapps\examples] has finished in [308] ms
14-Sep-2026 10:13:36.498 INFO [main] org.apache.catalina.startup.HostConfig.deployDirectory Deploying web application directory [D:\apache-tomcat-11.0.25\apache-tomcat-11.0.25\webapps\host-manager]
14-Sep-2026 10:13:36.536 INFO [main] org.apache.catalina.startup.HostConfig.deployDirectory Deployment of web application directory [D:\apache-tomcat-11.0.25\apache-tomcat-11.0.25\webapps\host-manager] has finished in [38] ms
14-Sep-2026 10:13:36.537 INFO [main] org.apache.catalina.startup.HostConfig.deployDirectory Deploying web application directory [D:\apache-tomcat-11.0.25\apache-tomcat-11.0.25\webapps\manager]
14-Sep-2026 10:13:36.569 INFO [main] org.apache.catalina.startup.HostConfig.deployDirectory Deployment of web application directory [D:\apache-tomcat-11.0.25\apache-tomcat-11.0.25\webapps\manager] has finished in [33] ms
14-Sep-2026 10:13:36.570 INFO [main] org.apache.catalina.startup.HostConfig.deployDirectory Deploying web application directory [D:\apache-tomcat-11.0.25\apache-tomcat-11.0.25\webapps\Mywebapp]
14-Sep-2026 10:13:36.596 INFO [main] org.apache.catalina.startup.HostConfig.deployDirectory Deployment of web application directory [D:\apache-tomcat-11.0.25\apache-tomcat-11.0.25\webapps\Mywebapp] has finished in [25] ms
14-Sep-2026 10:13:36.597 INFO [main] org.apache.catalina.startup.HostConfig.deployDirectory Deploying web application directory [D:\apache-tomcat-11.0.25\apache-tomcat-11.0.25\webapps\ROOT]
14-Sep-2026 10:13:36.617 INFO [main] org.apache.catalina.startup.HostConfig.deployDirectory Deployment of web application directory [D:\apache-tomcat-11.0.25\apache-tomcat-11.0.25\webapps\ROOT] has finished in [21] ms
14-Sep-2026 10:13:36.622 INFO [main] org.apache.coyote.AbstractProtocol.start Starting ProtocolHandler ["http-nio-8080"]
14-Sep-2026 10:13:36.652 INFO [main] org.apache.catalina.startup.Catalina.start Server startup in [845] milliseconds
